price_history/medium_sales/dp7-8.csv
start_date,end_date,price,quantity_sold
2023-12-12,2023-12-18,8.3,0
2023-12-19,2023-12-25,8.3,0
2023-12-26,2024-01-01,8.3,0
2024-01-02,2024-01-08,8.3,0
2024-01-09,2024-01-15,8.3,0
2024-01-16,2024-01-22,8.3,0
2024-01-23,2024-01-29,8.3,0
2024-01-30,2024-02-05,8.65,2
2024-02-06,2024-02-12,8.63,0
2024-02-13,2024-02-19,8.54,1
2024-02-20,2024-02-26,8.47,2
2024-02-27,2024-03-04,8.47,0
2024-03-05,2024-03-11,8.47,0
2024-03-12,2024-03-18,8.47,0
2024-03-19,2024-03-25,8.58,1
2024-03-26,2024-04-01,8.58,0
2024-04-02,2024-04-08,8.58,0
2024-04-09,2024-04-15,8.58,0
2024-04-16,2024-04-22,8.68,1
2024-04-23,2024-04-29,8.68,0
2024-04-30,2024-05-06,8.67,1
2024-05-07,2024-05-13,8.67,0
2024-05-14,2024-05-20,8.76,0
2024-05-21,2024-05-27,8.76,0
2024-05-28,2024-06-03,8.76,0
2024-06-04,2024-06-10,8.76,0
2024-06-11,2024-06-17,8.63,0
2024-06-18,2024-06-24,8.76,0
2024-06-25,2024-07-01,8.76,0
2024-07-02,2024-07-08,8.76,0
2024-07-09,2024-07-15,8.76,0
2024-07-16,2024-07-22,8.76,0
2024-07-23,2024-07-29,8.62,2
2024-07-30,2024-08-05,8.51,1
2024-08-06,2024-08-12,8.51,0
2024-08-13,2024-08-19,8.53,0
2024-08-20,2024-08-26,8.61,0
2024-08-27,2024-09-02,8.61,0
2024-09-03,2024-09-09,8.61,0
2024-09-10,2024-09-16,8.46,0
2024-09-17,2024-09-23,8.46,0
2024-09-24,2024-09-30,8.46,0
2024-10-01,2024-10-07,8.26,1
2024-10-08,2024-10-14,8.26,0
2024-10-15,2024-10-21,8.2,0
2024-10-22,2024-10-28,8.1,0
2024-10-29,2024-11-04,7.68,2
2024-11-05,2024-11-11,7.68,0
2024-11-12,2024-11-18,7.44,1
2024-11-19,2024-11-25,7.28,1
2024-11-26,2024-12-02,7.3,1
2024-11-29,2024-12-05,7.3,1
